GPG_ERROR_1.0 {
gpgrt_onclose;
_gpgrt_putc_overflow;
gpgrt_feof_unlocked;
gpgrt_vbsprintf;
gpgrt_ungetc;
gpg_err_init;
gpgrt_tmpfile;
gpgrt_fputs_unlocked;
gpgrt_ftello;
gpgrt_flockfile;
gpgrt_get_syscall_clamp;
gpg_err_code_from_errno;
gpgrt_clearerr;
gpg_error_check_version;
gpgrt_vfprintf;
gpgrt_opaque_set;
gpgrt_vasprintf;
gpgrt_fprintf_unlocked;
gpgrt_lock_init;
gpgrt_ftell;
gpgrt_fseeko;
gpgrt_syshd;
gpgrt_check_version;
gpgrt_setvbuf;
gpgrt_ftrylockfile;
gpgrt_lock_destroy;
gpgrt_fname_set;
gpgrt_bsprintf;
_gpgrt_set_std_fd;
_gpgrt_pending_unlocked;
gpgrt_fclose_snatch;
gpgrt_fwrite;
gpgrt_fseek;
_gpgrt_get_std_stream;
gpg_err_code_from_syserror;
gpgrt_asprintf;
gpg_err_code_to_errno;
gpgrt_free;
gpgrt_syshd_unlocked;
gpgrt_set_nonblock;
gpgrt_fread;
gpgrt_fdopen_nc;
gpgrt_opaque_get;
gpgrt_fopenmem;
gpgrt_lock_unlock;
gpg_err_deinit;
gpgrt_b64dec_start;
gpgrt_b64dec_finish;
gpgrt_fname_get;
gpgrt_fpopen;
gpgrt_fputc;
gpgrt_snprintf;
gpgrt_lock_trylock;
gpgrt_fgetc;
gpg_strerror;
gpgrt_fopencookie;
gpgrt_fileno_unlocked;
gpgrt_vfprintf_unlocked;
gpgrt_yield;
gpgrt_write;
gpgrt_printf_unlocked;
gpgrt_fclose;
gpgrt_fdopen;
gpgrt_fpopen_nc;
_gpgrt_getc_underflow;
gpgrt_set_syscall_clamp;
gpgrt_fputs;
gpgrt_vsnprintf;
gpgrt_fgets;
gpgrt_write_sanitized;
gpgrt_fileno;
gpgrt_set_binary;
gpgrt_lock_lock;
gpgrt_write_hexstring;
gpgrt_getline;
gpgrt_fopenmem_init;
gpgrt_printf;
gpgrt_freopen;
gpg_strsource;
gpg_err_set_errno;
gpgrt_sysopen_nc;
gpgrt_rewind;
gpgrt_setbuf;
gpgrt_ferror_unlocked;
gpgrt_mopen;
gpgrt_read_line;
gpgrt_feof;
gpgrt_sysopen;
gpgrt_set_alloc_func;
gpgrt_funlockfile;
gpgrt_read;
gpgrt_fopen;
_gpgrt_pending;
gpgrt_clearerr_unlocked;
gpgrt_get_nonblock;
gpg_strerror_r;
gpgrt_b64dec_proc;
gpgrt_ferror;
gpgrt_fprintf;
gpgrt_fflush;
gpgrt_poll;    
};
